ASxxxx Linker V03.00 + NoICE + sdld,  page 1.
Hexadecimal  [32-Bits]

Area                                    Addr        Size        Decimal Bytes (Attributes)
--------------------------------        ----        ----        ------- ----- ------------
.  .ABS.                            00000000    00000000 =           0. bytes (ABS,CON)

      Value  Global                              Global Defined In Module
      -----  --------------------------------   ------------------------
     00000000  .__.ABS.                           cpct_random
     00000000  l__CABS                         
     00000000  l__DABS                         
     00000000  l__GSFINAL                      
     00000000  l__GSINIT                       
     00000000  l__HOME                         
     00000000  l__INITIALIZED                  
     00000000  l__INITIALIZER                  
     00000000  s__CABS                         
     00000000  s__DABS                         
     00000034  l__DATA                         
     000002C3  l__CODE                         
     00004000  s__CODE                         
     000042C3  s__DATA                         
     000042F7  s__GSFINAL                      
     000042F7  s__GSINIT                       
     000042F7  s__HOME                         
     000042F7  s__INITIALIZED                  
     000042F7  s__INITIALIZER                  

ASxxxx Linker V03.00 + NoICE + sdld,  page 2.
Hexadecimal  [32-Bits]

Area                                    Addr        Size        Decimal Bytes (Attributes)
--------------------------------        ----        ----        ------- ----- ------------
_CODE                               00004000    000002C3 =         707. bytes (REL,CON)

      Value  Global                              Global Defined In Module
      -----  --------------------------------   ------------------------
     00004000  _createEntity                      main
     0000403E  _init_e                            main
     00004043  _wait                              main
     00004056  _main                              main
     0000408D  _sys_physics_update_one_entity     physics
     000040C8  _sys_physics_update                physics
     000040D1  _sys_render_one_entity             render
     0000412E  _sys_render_update                 render
     00004137  _man_entity_init                   entity
     0000414C  _man_entity_create                 entity
     0000415D  _man_entity_forall                 entity
     00004179  _man_entity_destroy                entity
     000041B8  _cpct_setPALColour                 cpct_video
     000041C4  __moduchar                         
     000041D0  __moduint                          
     000041DB  _cpct_waitHalts                    cpct_memutils
     000041E0  __divuint                          
     000041E8  __divuchar                         
     000041EF  __divu8                            
     000041F2  __divu16                           
     00004221  ___sdcc_call_hl                    
     00004222  _cpct_waitVSYNC                    cpct_video
     00004222  cpct_waitVSYNC_asm                 cpct_video
     0000422A  _cpct_setVideoMode                 cpct_video
     00004238  _cpct_memset                       cpct_memutils
     00004246  _cpct_memcpy                       cpct_memutils
     0000424E  _cpct_disableFirmware              cpct_firmware
     0000424E  _cpct_removeInterruptHandler       cpct_firmware
     0000424E  cpct_disableFirmware_asm           cpct_firmware
     0000424E  cpct_removeInterruptHandler_asm    cpct_firmware
     0000425E  _cpct_getRandom_mxor_u8            cpct_random
     0000425E  cpct_getRandom_mxor_u8_asm         cpct_random
     0000425F  cpct_randomIdx_mxor_u8             cpct_random
     00004283  _cpct_mode_rom_status              cpct_firmware
     00004284  _cpct_getScreenPtr                 cpct_video
     0000429C  _cpct_mxor32_seed                  cpct_random
     000042A0  _cpct_nextRandom_mxor_u32          cpct_random
     000042A0  cpct_nextRandom_mxor_u32_asm       cpct_random

ASxxxx Linker V03.00 + NoICE + sdld,  page 3.
Hexadecimal  [32-Bits]

Area                                    Addr        Size        Decimal Bytes (Attributes)
--------------------------------        ----        ----        ------- ----- ------------
_DATA                               000042C3    00000034 =          52. bytes (REL,CON)

      Value  Global                              Global Defined In Module
      -----  --------------------------------   ------------------------
     000042C3  _m_entities                        entity
     000042F5  _m_next_free_entity                entity

ASxxxx Linker V03.00 + NoICE + sdld,  page 4.

Files Linked                              [ module(s) ]

obj/main.rel                              [ main ]
obj/sys/physics.rel                       [ physics ]
obj/sys/render.rel                        [ render ]
obj/man/entity.rel                        [ entity ]


Libraries Linked                          [ object file ]

/home/oskar/cpctelera/cpctelera/cpctelera.lib
                                          [ cpct_setPALColour_cbindings.rel ]
/home/oskar/cpctelera/cpctelera/tools/sdcc-3.6.8-r9946/bin/../share/sdcc/lib/z80/z80.lib
                                          [ modunsigned.rel ]
/home/oskar/cpctelera/cpctelera/cpctelera.lib
                                          [ cpct_waitHalts_cbindings.rel ]
/home/oskar/cpctelera/cpctelera/tools/sdcc-3.6.8-r9946/bin/../share/sdcc/lib/z80/z80.lib
                                          [ divunsigned.rel ]
/home/oskar/cpctelera/cpctelera/tools/sdcc-3.6.8-r9946/bin/../share/sdcc/lib/z80/z80.lib
                                          [ __sdcc_call_hl.rel ]
/home/oskar/cpctelera/cpctelera/cpctelera.lib
                                          [ cpct_waitVSYNC.rel ]
/home/oskar/cpctelera/cpctelera/cpctelera.lib
                                          [ cpct_setVideoMode_cbindings.rel ]
/home/oskar/cpctelera/cpctelera/cpctelera.lib
                                          [ cpct_memset_cbinding.rel ]
/home/oskar/cpctelera/cpctelera/cpctelera.lib
                                          [ cpct_memcpy_cbindings.rel ]
/home/oskar/cpctelera/cpctelera/cpctelera.lib
                                          [ cpct_removeInterruptHandler.rel ]
/home/oskar/cpctelera/cpctelera/cpctelera.lib
                                          [ cpct_getRandom_mxor_u8.rel ]
/home/oskar/cpctelera/cpctelera/cpctelera.lib
                                          [ cpc_mode_rom_status.rel ]
/home/oskar/cpctelera/cpctelera/cpctelera.lib
                                          [ cpct_getScreenPtr_cbindings.rel ]
/home/oskar/cpctelera/cpctelera/cpctelera.lib
                                          [ cpct_mxor32_seed.rel ]
/home/oskar/cpctelera/cpctelera/cpctelera.lib
                                          [ cpct_nextRandom_mxor_u32.rel ]

ASxxxx Linker V03.00 + NoICE + sdld,  page 5.

User Base Address Definitions

_CODE = 0x4000
_DATA = 0x0000

