ASxxxx Linker V03.00 + NoICE + sdld,  page 1.
Hexadecimal  [32-Bits]

Area                                    Addr        Size        Decimal Bytes (Attributes)
--------------------------------        ----        ----        ------- ----- ------------
.  .ABS.                            00000000    00000000 =           0. bytes (ABS,CON)

      Value  Global                              Global Defined In Module
      -----  --------------------------------   ------------------------
     00000000  .__.ABS.                           cpct_random
     00000000  l__CABS                         
     00000000  l__DABS                         
     00000000  l__GSFINAL                      
     00000000  l__GSINIT                       
     00000000  l__HOME                         
     00000000  l__INITIALIZED                  
     00000000  l__INITIALIZER                  
     00000000  s__CABS                         
     00000000  s__DABS                         
     0000013F  l__DATA                         
     0000035B  l__CODE                         
     00004000  s__CODE                         
     0000435B  s__DATA                         
     0000449A  s__GSFINAL                      
     0000449A  s__GSINIT                       
     0000449A  s__HOME                         
     0000449A  s__INITIALIZED                  
     0000449A  s__INITIALIZER                  

ASxxxx Linker V03.00 + NoICE + sdld,  page 2.
Hexadecimal  [32-Bits]

Area                                    Addr        Size        Decimal Bytes (Attributes)
--------------------------------        ----        ----        ------- ----- ------------
_CODE                               00004000    0000035B =         859. bytes (REL,CON)

      Value  Global                              Global Defined In Module
      -----  --------------------------------   ------------------------
     00004000  _wait                              main
     00004013  _main                              main
     0000402D  _generateNewStar                   generator
     00004088  _init_e                            generator
     0000408F  _sys_generator_update              generator
     000040A5  _sys_physics_update_one_entity     physics
     000040E0  _sys_physics_update                physics
     000040E9  _sys_render_one_entity             render
     0000414B  _sys_render_init                   render
     00004163  _palette                           render
     00004173  _sys_render_update                 render
     0000417C  _man_entity_init                   entity
     0000419B  _man_entity_create                 entity
     000041B0  _man_entity_forall                 entity
     000041CD  _man_entity_destroy                entity
     00004210  _man_entity_set4destruction        entity
     00004219  _man_entity_update                 entity
     00004231  _man_entity_freeSpace              entity
     00004239  _cpct_setPalette                   cpct_video
     00004250  _cpct_setPALColour                 cpct_video
     0000425C  __moduchar                         
     00004268  __moduint                          
     00004273  _cpct_waitHalts                    cpct_memutils
     00004278  __divuint                          
     00004280  __divuchar                         
     00004287  __divu8                            
     0000428A  __divu16                           
     000042B9  ___sdcc_call_hl                    
     000042BA  _cpct_setVideoMode                 cpct_video
     000042C8  _cpct_waitVSYNC                    cpct_video
     000042C8  cpct_waitVSYNC_asm                 cpct_video
     000042D0  _cpct_memset                       cpct_memutils
     000042DE  _cpct_memcpy                       cpct_memutils
     000042E6  _cpct_disableFirmware              cpct_firmware
     000042E6  _cpct_removeInterruptHandler       cpct_firmware
     000042E6  cpct_disableFirmware_asm           cpct_firmware
     000042E6  cpct_removeInterruptHandler_asm    cpct_firmware
     000042F6  _cpct_getRandom_mxor_u8            cpct_random
     000042F6  cpct_getRandom_mxor_u8_asm         cpct_random
     000042F7  cpct_randomIdx_mxor_u8             cpct_random
     0000431B  _cpct_mode_rom_status              cpct_firmware
     0000431C  _cpct_getScreenPtr                 cpct_video
     00004334  _cpct_mxor32_seed                  cpct_random
     00004338  _cpct_nextRandom_mxor_u32          cpct_random
     00004338  cpct_nextRandom_mxor_u32_asm       cpct_random
ASxxxx Linker V03.00 + NoICE + sdld,  page 3.
Hexadecimal  [32-Bits]

Area                                    Addr        Size        Decimal Bytes (Attributes)
--------------------------------        ----        ----        ------- ----- ------------
_DATA                               0000435B    0000013F =         319. bytes (REL,CON)

      Value  Global                              Global Defined In Module
      -----  --------------------------------   ------------------------
     0000435B  _m_entities                        entity
     00004496  _m_zero_type_at_the_end            entity
     00004497  _m_next_free_entity                entity
     00004499  _m_num_entities                    entity

ASxxxx Linker V03.00 + NoICE + sdld,  page 4.

Files Linked                              [ module(s) ]

obj/main.rel                              [ main ]
obj/sys/generator.rel                     [ generator ]
obj/sys/physics.rel                       [ physics ]
obj/sys/render.rel                        [ render ]
obj/man/entity.rel                        [ entity ]


Libraries Linked                          [ object file ]

/home/oskar/cpctelera/cpctelera/cpctelera.lib
                                          [ cpct_setPalette_cbindings.rel ]
/home/oskar/cpctelera/cpctelera/cpctelera.lib
                                          [ cpct_setPALColour_cbindings.rel ]
/home/oskar/cpctelera/cpctelera/tools/sdcc-3.6.8-r9946/bin/../share/sdcc/lib/z80/z80.lib
                                          [ modunsigned.rel ]
/home/oskar/cpctelera/cpctelera/cpctelera.lib
                                          [ cpct_waitHalts_cbindings.rel ]
/home/oskar/cpctelera/cpctelera/tools/sdcc-3.6.8-r9946/bin/../share/sdcc/lib/z80/z80.lib
                                          [ divunsigned.rel ]
/home/oskar/cpctelera/cpctelera/tools/sdcc-3.6.8-r9946/bin/../share/sdcc/lib/z80/z80.lib
                                          [ __sdcc_call_hl.rel ]
/home/oskar/cpctelera/cpctelera/cpctelera.lib
                                          [ cpct_setVideoMode_cbindings.rel ]
/home/oskar/cpctelera/cpctelera/cpctelera.lib
                                          [ cpct_waitVSYNC.rel ]
/home/oskar/cpctelera/cpctelera/cpctelera.lib
                                          [ cpct_memset_cbinding.rel ]
/home/oskar/cpctelera/cpctelera/cpctelera.lib
                                          [ cpct_memcpy_cbindings.rel ]
/home/oskar/cpctelera/cpctelera/cpctelera.lib
                                          [ cpct_removeInterruptHandler.rel ]
/home/oskar/cpctelera/cpctelera/cpctelera.lib
                                          [ cpct_getRandom_mxor_u8.rel ]
/home/oskar/cpctelera/cpctelera/cpctelera.lib
                                          [ cpc_mode_rom_status.rel ]
/home/oskar/cpctelera/cpctelera/cpctelera.lib
                                          [ cpct_getScreenPtr_cbindings.rel ]
/home/oskar/cpctelera/cpctelera/cpctelera.lib
                                          [ cpct_mxor32_seed.rel ]
/home/oskar/cpctelera/cpctelera/cpctelera.lib
                                          [ cpct_nextRandom_mxor_u32.rel ]

ASxxxx Linker V03.00 + NoICE + sdld,  page 5.

User Base Address Definitions

_CODE = 0x4000
_DATA = 0x0000

