ASxxxx Linker V03.00 + NoICE + sdld,  page 1.
Hexadecimal  [32-Bits]

Area                                    Addr        Size        Decimal Bytes (Attributes)
--------------------------------        ----        ----        ------- ----- ------------
.  .ABS.                            00000000    00000000 =           0. bytes (ABS,CON)

      Value  Global                              Global Defined In Module
      -----  --------------------------------   ------------------------
     00000000  .__.ABS.                           cpct_random
     00000000  l__CABS                         
     00000000  l__DABS                         
     00000000  l__GSFINAL                      
     00000000  l__GSINIT                       
     00000000  l__HOME                         
     00000000  l__INITIALIZED                  
     00000000  l__INITIALIZER                  
     00000000  s__CABS                         
     00000000  s__DABS                         
     00000049  l__DATA                         
     000002EB  l__CODE                         
     00004000  s__CODE                         
     000042EB  s__DATA                         
     00004334  s__GSFINAL                      
     00004334  s__GSINIT                       
     00004334  s__HOME                         
     00004334  s__INITIALIZED                  
     00004334  s__INITIALIZER                  

ASxxxx Linker V03.00 + NoICE + sdld,  page 2.
Hexadecimal  [32-Bits]

Area                                    Addr        Size        Decimal Bytes (Attributes)
--------------------------------        ----        ----        ------- ----- ------------
_CODE                               00004000    000002EB =         747. bytes (REL,CON)

      Value  Global                              Global Defined In Module
      -----  --------------------------------   ------------------------
     00004000  _wait                              main
     00004013  _main                              main
     00004032  _generateNewStar                   generator
     00004070  _init_e                            generator
     00004077  _sys_generator_update              generator
     00004080  _sys_physics_update_one_entity     physics
     000040BB  _sys_physics_update                physics
     000040C4  _sys_render_one_entity             render
     0000410B  _sys_render_init                   render
     0000411F  _sys_render_update                 render
     00004128  _man_entity_init                   entity
     00004142  _man_entity_create                 entity
     00004157  _man_entity_forall                 entity
     00004174  _man_entity_destroy                entity
     000041B7  _man_entity_set4destruction        entity
     000041C0  _man_entity_update                 entity
     000041D8  _man_entity_freeSpace              entity
     000041E0  _cpct_setPALColour                 cpct_video
     000041EC  __moduchar                         
     000041F8  __moduint                          
     00004203  _cpct_waitHalts                    cpct_memutils
     00004208  __divuint                          
     00004210  __divuchar                         
     00004217  __divu8                            
     0000421A  __divu16                           
     00004249  ___sdcc_call_hl                    
     0000424A  _cpct_setVideoMode                 cpct_video
     00004258  _cpct_waitVSYNC                    cpct_video
     00004258  cpct_waitVSYNC_asm                 cpct_video
     00004260  _cpct_memset                       cpct_memutils
     0000426E  _cpct_memcpy                       cpct_memutils
     00004276  _cpct_disableFirmware              cpct_firmware
     00004276  _cpct_removeInterruptHandler       cpct_firmware
     00004276  cpct_disableFirmware_asm           cpct_firmware
     00004276  cpct_removeInterruptHandler_asm    cpct_firmware
     00004286  _cpct_getRandom_mxor_u8            cpct_random
     00004286  cpct_getRandom_mxor_u8_asm         cpct_random
     00004287  cpct_randomIdx_mxor_u8             cpct_random
     000042AB  _cpct_mode_rom_status              cpct_firmware
     000042AC  _cpct_getScreenPtr                 cpct_video
     000042C4  _cpct_mxor32_seed                  cpct_random
     000042C8  _cpct_nextRandom_mxor_u32          cpct_random
     000042C8  cpct_nextRandom_mxor_u32_asm       cpct_random

ASxxxx Linker V03.00 + NoICE + sdld,  page 3.
Hexadecimal  [32-Bits]

Area                                    Addr        Size        Decimal Bytes (Attributes)
--------------------------------        ----        ----        ------- ----- ------------
_DATA                               000042EB    00000049 =          73. bytes (REL,CON)

      Value  Global                              Global Defined In Module
      -----  --------------------------------   ------------------------
     000042EB  _m_entities                        entity
     00004331  _m_next_free_entity                entity
     00004333  _m_num_entities                    entity
ASxxxx Linker V03.00 + NoICE + sdld,  page 4.

Files Linked                              [ module(s) ]

obj/main.rel                              [ main ]
obj/sys/generator.rel                     [ generator ]
obj/sys/physics.rel                       [ physics ]
obj/sys/render.rel                        [ render ]
obj/man/entity.rel                        [ entity ]


Libraries Linked                          [ object file ]

/home/oskar/cpctelera/cpctelera/cpctelera.lib
                                          [ cpct_setPALColour_cbindings.rel ]
/home/oskar/cpctelera/cpctelera/tools/sdcc-3.6.8-r9946/bin/../share/sdcc/lib/z80/z80.lib
                                          [ modunsigned.rel ]
/home/oskar/cpctelera/cpctelera/cpctelera.lib
                                          [ cpct_waitHalts_cbindings.rel ]
/home/oskar/cpctelera/cpctelera/tools/sdcc-3.6.8-r9946/bin/../share/sdcc/lib/z80/z80.lib
                                          [ divunsigned.rel ]
/home/oskar/cpctelera/cpctelera/tools/sdcc-3.6.8-r9946/bin/../share/sdcc/lib/z80/z80.lib
                                          [ __sdcc_call_hl.rel ]
/home/oskar/cpctelera/cpctelera/cpctelera.lib
                                          [ cpct_setVideoMode_cbindings.rel ]
/home/oskar/cpctelera/cpctelera/cpctelera.lib
                                          [ cpct_waitVSYNC.rel ]
/home/oskar/cpctelera/cpctelera/cpctelera.lib
                                          [ cpct_memset_cbinding.rel ]
/home/oskar/cpctelera/cpctelera/cpctelera.lib
                                          [ cpct_memcpy_cbindings.rel ]
/home/oskar/cpctelera/cpctelera/cpctelera.lib
                                          [ cpct_removeInterruptHandler.rel ]
/home/oskar/cpctelera/cpctelera/cpctelera.lib
                                          [ cpct_getRandom_mxor_u8.rel ]
/home/oskar/cpctelera/cpctelera/cpctelera.lib
                                          [ cpc_mode_rom_status.rel ]
/home/oskar/cpctelera/cpctelera/cpctelera.lib
                                          [ cpct_getScreenPtr_cbindings.rel ]
/home/oskar/cpctelera/cpctelera/cpctelera.lib
                                          [ cpct_mxor32_seed.rel ]
/home/oskar/cpctelera/cpctelera/cpctelera.lib
                                          [ cpct_nextRandom_mxor_u32.rel ]

ASxxxx Linker V03.00 + NoICE + sdld,  page 5.

User Base Address Definitions

_CODE = 0x4000
_DATA = 0x0000

