ASxxxx Linker V03.00 + NoICE + sdld,  page 1.
Hexadecimal  [32-Bits]

Area                                    Addr        Size        Decimal Bytes (Attributes)
--------------------------------        ----        ----        ------- ----- ------------
.  .ABS.                            00000000    00000000 =           0. bytes (ABS,CON)

      Value  Global                              Global Defined In Module
      -----  --------------------------------   ------------------------
     00000000  .__.ABS.                           cpct_random
     00000000  l__CABS                         
     00000000  l__DABS                         
     00000000  l__GSFINAL                      
     00000000  l__GSINIT                       
     00000000  l__HOME                         
     00000000  l__INITIALIZED                  
     00000000  l__INITIALIZER                  
     00000000  s__CABS                         
     00000000  s__DABS                         
     0000013F  l__DATA                         
     00000340  l__CODE                         
     00004000  s__CODE                         
     00004340  s__DATA                         
     0000447F  s__GSFINAL                      
     0000447F  s__GSINIT                       
     0000447F  s__HOME                         
     0000447F  s__INITIALIZED                  
     0000447F  s__INITIALIZER                  

ASxxxx Linker V03.00 + NoICE + sdld,  page 2.
Hexadecimal  [32-Bits]

Area                                    Addr        Size        Decimal Bytes (Attributes)
--------------------------------        ----        ----        ------- ----- ------------
_CODE                               00004000    00000340 =         832. bytes (REL,CON)

      Value  Global                              Global Defined In Module
      -----  --------------------------------   ------------------------
     00004000  _wait                              main
     00004013  _main                              main
     0000402D  _man_entity_init                   entity
     0000404C  _man_entity_create                 entity
     00004061  _man_entity_forall                 entity
     0000407E  _man_entity_destroy                entity
     000040C1  _man_entity_set4destruction        entity
     000040CA  _man_entity_update                 entity
     000040E2  _man_entity_freeSpace              entity
     000040EA  _sys_physics_update_one_entity     physics
     00004125  _sys_physics_update                physics
     0000412E  _generateNewStar                   generator
     00004189  _init_e                            generator
     00004190  _sys_generator_update              generator
     000041A6  _sys_render_one_entity             render
     000041ED  _sys_render_init                   render
     00004205  _palette                           render
     00004215  _sys_render_update                 render
     0000421E  _cpct_setPalette                   cpct_video
     00004235  _cpct_setPALColour                 cpct_video
     00004241  __moduchar                         
     0000424D  __moduint                          
     00004258  _cpct_waitHalts                    cpct_memutils
     0000425D  __divuint                          
     00004265  __divuchar                         
     0000426C  __divu8                            
     0000426F  __divu16                           
     0000429E  ___sdcc_call_hl                    
     0000429F  _cpct_setVideoMode                 cpct_video
     000042AD  _cpct_waitVSYNC                    cpct_video
     000042AD  cpct_waitVSYNC_asm                 cpct_video
     000042B5  _cpct_memcpy                       cpct_memutils
     000042BD  _cpct_memset                       cpct_memutils
     000042CB  _cpct_disableFirmware              cpct_firmware
     000042CB  _cpct_removeInterruptHandler       cpct_firmware
     000042CB  cpct_disableFirmware_asm           cpct_firmware
     000042CB  cpct_removeInterruptHandler_asm    cpct_firmware
     000042DB  _cpct_getRandom_mxor_u8            cpct_random
     000042DB  cpct_getRandom_mxor_u8_asm         cpct_random
     000042DC  cpct_randomIdx_mxor_u8             cpct_random
     00004300  _cpct_mode_rom_status              cpct_firmware
     00004301  _cpct_getScreenPtr                 cpct_video
     00004319  _cpct_mxor32_seed                  cpct_random
     0000431D  _cpct_nextRandom_mxor_u32          cpct_random
     0000431D  cpct_nextRandom_mxor_u32_asm       cpct_random
ASxxxx Linker V03.00 + NoICE + sdld,  page 3.
Hexadecimal  [32-Bits]

Area                                    Addr        Size        Decimal Bytes (Attributes)
--------------------------------        ----        ----        ------- ----- ------------
_DATA                               00004340    0000013F =         319. bytes (REL,CON)

      Value  Global                              Global Defined In Module
      -----  --------------------------------   ------------------------
     00004340  _m_entities                        entity
     0000447B  _m_zero_type_at_the_end            entity
     0000447C  _m_next_free_entity                entity
     0000447E  _m_num_entities                    entity

ASxxxx Linker V03.00 + NoICE + sdld,  page 4.

Files Linked                              [ module(s) ]

obj/main.rel                              [ main ]
obj/man/entity.rel                        [ entity ]
obj/sys/physics.rel                       [ physics ]
obj/sys/generator.rel                     [ generator ]
obj/sys/render.rel                        [ render ]


Libraries Linked                          [ object file ]

/home/oskar/cpctelera/cpctelera/cpctelera.lib
                                          [ cpct_setPalette_cbindings.rel ]
/home/oskar/cpctelera/cpctelera/cpctelera.lib
                                          [ cpct_setPALColour_cbindings.rel ]
/home/oskar/cpctelera/cpctelera/tools/sdcc-3.6.8-r9946/bin/../share/sdcc/lib/z80/z80.lib
                                          [ modunsigned.rel ]
/home/oskar/cpctelera/cpctelera/cpctelera.lib
                                          [ cpct_waitHalts_cbindings.rel ]
/home/oskar/cpctelera/cpctelera/tools/sdcc-3.6.8-r9946/bin/../share/sdcc/lib/z80/z80.lib
                                          [ divunsigned.rel ]
/home/oskar/cpctelera/cpctelera/tools/sdcc-3.6.8-r9946/bin/../share/sdcc/lib/z80/z80.lib
                                          [ __sdcc_call_hl.rel ]
/home/oskar/cpctelera/cpctelera/cpctelera.lib
                                          [ cpct_setVideoMode_cbindings.rel ]
/home/oskar/cpctelera/cpctelera/cpctelera.lib
                                          [ cpct_waitVSYNC.rel ]
/home/oskar/cpctelera/cpctelera/cpctelera.lib
                                          [ cpct_memcpy_cbindings.rel ]
/home/oskar/cpctelera/cpctelera/cpctelera.lib
                                          [ cpct_memset_cbinding.rel ]
/home/oskar/cpctelera/cpctelera/cpctelera.lib
                                          [ cpct_removeInterruptHandler.rel ]
/home/oskar/cpctelera/cpctelera/cpctelera.lib
                                          [ cpct_getRandom_mxor_u8.rel ]
/home/oskar/cpctelera/cpctelera/cpctelera.lib
                                          [ cpc_mode_rom_status.rel ]
/home/oskar/cpctelera/cpctelera/cpctelera.lib
                                          [ cpct_getScreenPtr_cbindings.rel ]
/home/oskar/cpctelera/cpctelera/cpctelera.lib
                                          [ cpct_mxor32_seed.rel ]
/home/oskar/cpctelera/cpctelera/cpctelera.lib
                                          [ cpct_nextRandom_mxor_u32.rel ]

ASxxxx Linker V03.00 + NoICE + sdld,  page 5.

User Base Address Definitions

_CODE = 0x4000
_DATA = 0x0000

