ASxxxx Linker V03.00 + NoICE + sdld,  page 1.
Hexadecimal  [32-Bits]

Area                                    Addr        Size        Decimal Bytes (Attributes)
--------------------------------        ----        ----        ------- ----- ------------
.  .ABS.                            00000000    00000000 =           0. bytes (ABS,CON)

      Value  Global                              Global Defined In Module
      -----  --------------------------------   ------------------------
     00000000  .__.ABS.                           cpct_video
     00000000  l__CABS                         
     00000000  l__DABS                         
     00000000  l__GSFINAL                      
     00000000  l__GSINIT                       
     00000000  l__HOME                         
     00000000  l__INITIALIZED                  
     00000000  l__INITIALIZER                  
     00000000  s__CABS                         
     00000000  s__DABS                         
     00000034  l__DATA                         
     00000162  l__CODE                         
     00004000  s__CODE                         
     00004162  s__DATA                         
     00004196  s__GSFINAL                      
     00004196  s__GSINIT                       
     00004196  s__HOME                         
     00004196  s__INITIALIZED                  
     00004196  s__INITIALIZER                  

ASxxxx Linker V03.00 + NoICE + sdld,  page 2.
Hexadecimal  [32-Bits]

Area                                    Addr        Size        Decimal Bytes (Attributes)
--------------------------------        ----        ----        ------- ----- ------------
_CODE                               00004000    00000162 =         354. bytes (REL,CON)

      Value  Global                              Global Defined In Module
      -----  --------------------------------   ------------------------
     00004000  _createEntity                      main
     00004010  _init_e                            main
     00004015  _main                              main
     00004044  _man_entity_init                   entity
     00004059  _man_entity_create                 entity
     0000406A  _man_entity_forall                 entity
     00004086  _man_entity_destroy                entity
     0000408D  _sys_physics_update_one_entity     physics
     000040C8  _sys_physics_update                physics
     000040D1  _sys_render_one_entity             render
     000040FF  _sys_render_update                 render
     00004108  _cpct_setPALColour                 cpct_video
     00004114  ___sdcc_call_hl                    
     00004115  _cpct_setVideoMode                 cpct_video
     00004123  _cpct_memset                       cpct_memutils
     00004131  _cpct_memcpy                       cpct_memutils
     00004139  _cpct_disableFirmware              cpct_firmware
     00004139  _cpct_removeInterruptHandler       cpct_firmware
     00004139  cpct_disableFirmware_asm           cpct_firmware
     00004139  cpct_removeInterruptHandler_asm    cpct_firmware
     00004149  _cpct_mode_rom_status              cpct_firmware
     0000414A  _cpct_getScreenPtr                 cpct_video

ASxxxx Linker V03.00 + NoICE + sdld,  page 3.
Hexadecimal  [32-Bits]

Area                                    Addr        Size        Decimal Bytes (Attributes)
--------------------------------        ----        ----        ------- ----- ------------
_DATA                               00004162    00000034 =          52. bytes (REL,CON)

      Value  Global                              Global Defined In Module
      -----  --------------------------------   ------------------------
     00004162  _m_entities                        entity
     00004194  _m_next_free_entity                entity

ASxxxx Linker V03.00 + NoICE + sdld,  page 4.

Files Linked                              [ module(s) ]

obj/main.rel                              [ main ]
obj/man/entity.rel                        [ entity ]
obj/sys/physics.rel                       [ physics ]
obj/sys/render.rel                        [ render ]


Libraries Linked                          [ object file ]

/home/oskar/cpctelera/cpctelera/cpctelera.lib
                                          [ cpct_setPALColour_cbindings.rel ]
/home/oskar/cpctelera/cpctelera/tools/sdcc-3.6.8-r9946/bin/../share/sdcc/lib/z80/z80.lib
                                          [ __sdcc_call_hl.rel ]
/home/oskar/cpctelera/cpctelera/cpctelera.lib
                                          [ cpct_setVideoMode_cbindings.rel ]
/home/oskar/cpctelera/cpctelera/cpctelera.lib
                                          [ cpct_memset_cbinding.rel ]
/home/oskar/cpctelera/cpctelera/cpctelera.lib
                                          [ cpct_memcpy_cbindings.rel ]
/home/oskar/cpctelera/cpctelera/cpctelera.lib
                                          [ cpct_removeInterruptHandler.rel ]
/home/oskar/cpctelera/cpctelera/cpctelera.lib
                                          [ cpc_mode_rom_status.rel ]
/home/oskar/cpctelera/cpctelera/cpctelera.lib
                                          [ cpct_getScreenPtr_cbindings.rel ]

ASxxxx Linker V03.00 + NoICE + sdld,  page 5.

User Base Address Definitions

_CODE = 0x4000
_DATA = 0x0000

