ASxxxx Linker V03.00 + NoICE + sdld,  page 1.
Hexadecimal  [32-Bits]

Area                                    Addr        Size        Decimal Bytes (Attributes)
--------------------------------        ----        ----        ------- ----- ------------
.  .ABS.                            00000000    00000000 =           0. bytes (ABS,CON)

      Value  Global                              Global Defined In Module
      -----  --------------------------------   ------------------------
     00000000  .__.ABS.                           cpct_memutils
     00000000  l__CABS                         
     00000000  l__DABS                         
     00000000  l__GSFINAL                      
     00000000  l__GSINIT                       
     00000000  l__HOME                         
     00000000  l__INITIALIZED                  
     00000000  l__INITIALIZER                  
     00000000  s__CABS                         
     00000000  s__DABS                         
     00000034  l__DATA                         
     000000CF  l__CODE                         
     00004000  s__CODE                         
     000040CF  s__DATA                         
     00004103  s__GSFINAL                      
     00004103  s__GSINIT                       
     00004103  s__HOME                         
     00004103  s__INITIALIZED                  
     00004103  s__INITIALIZER                  

ASxxxx Linker V03.00 + NoICE + sdld,  page 2.
Hexadecimal  [32-Bits]

Area                                    Addr        Size        Decimal Bytes (Attributes)
--------------------------------        ----        ----        ------- ----- ------------
_CODE                               00004000    000000CF =         207. bytes (REL,CON)

      Value  Global                              Global Defined In Module
      -----  --------------------------------   ------------------------
     00004000  _createEntity                      main
     00004010  _init_e                            main
     00004015  _main                              main
     0000402B  _sys_physics_update_one_entity     physics
     00004066  _sys_physics_update                physics
     0000406F  _man_entity_init                   entity
     00004084  _man_entity_create                 entity
     00004095  _man_entity_forall                 entity
     000040B1  _man_entity_destroy                entity
     000040B8  ___sdcc_call_hl                    
     000040B9  _cpct_memset                       cpct_memutils
     000040C7  _cpct_memcpy                       cpct_memutils
ASxxxx Linker V03.00 + NoICE + sdld,  page 3.
Hexadecimal  [32-Bits]

Area                                    Addr        Size        Decimal Bytes (Attributes)
--------------------------------        ----        ----        ------- ----- ------------
_DATA                               000040CF    00000034 =          52. bytes (REL,CON)

      Value  Global                              Global Defined In Module
      -----  --------------------------------   ------------------------
     000040CF  _m_entities                        entity
     00004101  _m_next_free_entity                entity

ASxxxx Linker V03.00 + NoICE + sdld,  page 4.

Files Linked                              [ module(s) ]

obj/main.rel                              [ main ]
obj/sys/physics.rel                       [ physics ]
obj/man/entity.rel                        [ entity ]


Libraries Linked                          [ object file ]

/home/oskar/cpctelera/cpctelera/tools/sdcc-3.6.8-r9946/bin/../share/sdcc/lib/z80/z80.lib
                                          [ __sdcc_call_hl.rel ]
/home/oskar/cpctelera/cpctelera/cpctelera.lib
                                          [ cpct_memset_cbinding.rel ]
/home/oskar/cpctelera/cpctelera/cpctelera.lib
                                          [ cpct_memcpy_cbindings.rel ]

ASxxxx Linker V03.00 + NoICE + sdld,  page 5.

User Base Address Definitions

_CODE = 0x4000
_DATA = 0x0000

